$ npx next build
# commit e4faed51995446c067394f58fbabdd1dd674f6e3 dirty=false node v20.11.1
# exit 0

[35m[1mAttention[22m[39m: Next.js now collects completely anonymous telemetry regarding usage.
This information is used to shape Next.js' roadmap and prioritize features.
You can learn more, including how to opt-out if you'd not like to participate in this anonymous program, by visiting the following URL:
[36mhttps://nextjs.org/telemetry[39m

   [1m[38;2;173;127;168m▲ Next.js 15.5.19[39m[22m
   - Environments: .env.local

 [37m[1m [22m[39m Creating an optimized production build ...
 [32m[1m✓[22m[39m Compiled successfully in 12.6s
 [37m[1m [22m[39m Linting and checking validity of types ...
 [37m[1m [22m[39m Collecting page data ...
 [37m[1m [22m[39m Generating static pages (0/4) ...
 [37m[1m [22m[39m Generating static pages (1/4) 
 [37m[1m [22m[39m Generating static pages (2/4) 
 [37m[1m [22m[39m Generating static pages (3/4) 
 [32m[1m✓[22m[39m Generating static pages (4/4)
 [37m[1m [22m[39m Finalizing page optimization ...
 [37m[1m [22m[39m Collecting build traces ...

[4mRoute (app)[24m                                 [4mSize[24m  [4mFirst Load JS[24m  [4m[24m  [4m[24m
┌ ○ /                                      233 B         [37m[1m180 kB[22m[39m
├ ○ /_not-found                            995 B         [37m[1m103 kB[22m[39m
├ ● /[...slug]                             233 B         [37m[1m180 kB[22m[39m
├ ƒ /api/babysteps-progress                142 B         [37m[1m103 kB[22m[39m
├ ƒ /api/sr/attempt                        142 B         [37m[1m103 kB[22m[39m
├ ƒ /api/sr/package                        142 B         [37m[1m103 kB[22m[39m
├ ƒ /api/v3/[...path]                      142 B         [37m[1m103 kB[22m[39m
├ ƒ /health                                142 B         [37m[1m103 kB[22m[39m
├ ƒ /identity                              142 B         [37m[1m103 kB[22m[39m
├ ƒ /launch                                142 B         [37m[1m103 kB[22m[39m
└ ƒ /return                                142 B         [37m[1m103 kB[22m[39m
+ First Load JS shared by all             [37m[1m102 kB[22m[39m
  ├ chunks/255-98a0bdaa30757bda.js       46.2 kB
  ├ chunks/4bd1b696-c023c6e3521b1417.js  54.2 kB
  └ other shared chunks (total)          2.01 kB


○  (Static)   prerendered as static content
●  (SSG)      prerendered as static HTML (uses [36mgenerateStaticParams[39m)
ƒ  (Dynamic)  server-rendered on demand


